Note that running a local entrypoint in detached mode only keeps the last triggered Modal function alive after the parent process has been killed or disconnected.
✓ Initialized. View run at 
https://modal.com/apps/repro-sign/main/ap-U2mDjf2LSnf4MB8kHzRWg3
Building image im-2xA3C8FP5VyWuHtSwKJmiY

=> Step 0: FROM ghcr.io/sign-language-processing/reproduction@sha256:305b6165d306192996358ca312d9a751fa409f43063a76dc7758880a8f905291
Getting image source signatures
Copying blob sha256:16418169159132c41b4c92a26115274cf132d48add074567ccbd450b2d203358
Copying blob sha256:c808bf3ef5498c80ceeedab3ffff667f115be46204e89ec015438f030206a2ec
Copying blob sha256:6616d0fdd6dd05b2515b5c83800740fd633a514238fe7caa3f7eeda7f89ad988
Copying blob sha256:09c4da02ae673f1e09f70e3a27a1e2c69095406760648fa52a8c8b924892f7e5
Copying blob sha256:24f667de35d17e746ee34668c1e3dc5d010bca5eb208bffb00545d94b2116d0a
Copying blob sha256:c31c478fe78f4280e40293f201169295cc39e85fb3b01ae1ced6c567319a81b9
Copying blob sha256:a8f999e368e47254b7bbfbef36b7462c70811e0295ae3e01f027ed6f9c69f894
Copying blob sha256:6616d0fdd6dd05b2515b5c83800740fd633a514238fe7caa3f7eeda7f89ad988
Copying blob sha256:604bfa71d2009bbf2023ff15dd44e81e39d2aa7d4aca4a74713baa0a3473458f
Copying blob sha256:f5daa5ac1d3e929b158f050600361d2e4c6795353ae9548e870f88ff88b895ae
Copying blob sha256:6616d0fdd6dd05b2515b5c83800740fd633a514238fe7caa3f7eeda7f89ad988
Copying blob sha256:49963d1e56c59fd3a818f1ee757655c75a912183e984e39c276353e74df44b96
Copying blob sha256:5e337d8151942755a5927c3f470a8e94ce874fbffd3e39f655be72f96d513ea8
Copying blob sha256:602f855573ef155e83a4a11d251ebe1704b6cd90b94316a29628be6eef62be46
Copying blob sha256:575a8f958c6694cbc2615a529e15b0085c70e793e8e22da8d28c21779f2bcc1a
Copying blob sha256:a11a8db590f14c3fa16171d8c8b561f0d8599f6d46514e96d541d8681be96f26
Copying blob sha256:6616d0fdd6dd05b2515b5c83800740fd633a514238fe7caa3f7eeda7f89ad988
Copying blob sha256:6616d0fdd6dd05b2515b5c83800740fd633a514238fe7caa3f7eeda7f89ad988
Copying blob sha256:9e36018d3cfaa833e1d9f22dac4f7095171ef3a539c1d22bcb4e58898bb61ec5
Copying blob sha256:fd9b3a1bef540a2c0837bf339c5622a134a21f9461633d794ca0e6ccceea2ad1
Copying blob sha256:dff8bad091a93f3a835e9e23a1dbb5688bd9fca261ead440f97fea301c3c85fa
Copying blob sha256:6616d0fdd6dd05b2515b5c83800740fd633a514238fe7caa3f7eeda7f89ad988
Copying blob sha256:6616d0fdd6dd05b2515b5c83800740fd633a514238fe7caa3f7eeda7f89ad988
Copying blob sha256:6616d0fdd6dd05b2515b5c83800740fd633a514238fe7caa3f7eeda7f89ad988
Copying blob sha256:c7ad22c6d48957138952fc9f8fa2dd8dd60aa69a6729e987c735ab0ee44be163
Copying blob sha256:335f721644f5e82e65b5c376269e595defd7fe1dcbd113febd8c58254b874b28
Copying blob sha256:6616d0fdd6dd05b2515b5c83800740fd633a514238fe7caa3f7eeda7f89ad988
Copying blob sha256:6616d0fdd6dd05b2515b5c83800740fd633a514238fe7caa3f7eeda7f89ad988
Copying blob sha256:926d6419a47bbd305d143437d0e3a79cacf92581f48d20c4dc66a3c4f3b8bdd2
Copying blob sha256:6a6783cfe894497a2588b96bcc1bb6347aac7074c9404c478e75e4758fc9fe10
Copying blob sha256:fc724ca223e2fd75276bf500a2c429c14618f34be65a51a688bf5a819717edb8
Copying blob sha256:6616d0fdd6dd05b2515b5c83800740fd633a514238fe7caa3f7eeda7f89ad988
Copying blob sha256:6616d0fdd6dd05b2515b5c83800740fd633a514238fe7caa3f7eeda7f89ad988
Copying blob sha256:c04edc6cbb061a356daa3fff4fda05254e3326b5fe1a4fc2681f281d53940b51
Copying blob sha256:f164d143114a79d31763846a8385cc2cdd34afab2bcc4b4d9393590ff768804c
Copying blob sha256:592fc3d83685e778f19726437c16a94ee4769a1889dbbba9b9d1d61f59752e83
Copying blob sha256:6616d0fdd6dd05b2515b5c83800740fd633a514238fe7caa3f7eeda7f89ad988
Copying blob sha256:eecc644c63a8175087598226d0eb424fa9427bed038647c341cbb50bf6c13b52
Copying blob sha256:e94559d2ca6aeb63f2a750b295cc79b619e0e657693a6db03d266e215286e130
Copying blob sha256:d1965c690f74dbe6e4d784d385f07e3fc0ba1a0711b80ecf41d32d47d82baf2f
Copying blob sha256:f4d694b56bc4313e76745540a32948347bc951caa2f95ab2a029cff3e48998d1
Copying blob sha256:cef7a299a59ba097a0bfde5a03f46dd5204376a7a61fa1281332b5925eb2eb78
Copying blob sha256:d40396065ffaf4b8fe54eb7bde77ef234c81395e3f9a4650f131a058e85e58d4
Copying blob sha256:6616d0fdd6dd05b2515b5c83800740fd633a514238fe7caa3f7eeda7f89ad988
Copying blob sha256:dc2c6fb8a30f6cc362ddd26b74204d7a2db8293218869018167f83cc5ab8a123
Copying blob sha256:e8269a7e23fe05e2abfc1fbb62714c0d4afe5564758b4d58abab705af8106b60
Copying blob sha256:01ad42609276289ea32e99993cbc47632d43ade81ef6fbaf5f7e322c3c6636a3
Copying blob sha256:8296deb3049eb1d0abcb855454a4aab69c2f445519eb7d7822abc782a5148dfc
Copying blob sha256:74f4f119048a16f8294414180f1818e11e5f6317274b66d9920bee43524e44a9
Copying blob sha256:49affa53f3dcda5f952417d713a664659ffef1d08a6a4a5c790cf1bc89548be8
Copying blob sha256:1068490805e74f6833bb60ca074eccbf5cdad86290b389c86de0fc57ac6fd9c0
Copying blob sha256:897bf232bb6db6041fc7248e1bf40de0ca658a325fdead339188d854f0c72528
Copying blob sha256:6616d0fdd6dd05b2515b5c83800740fd633a514238fe7caa3f7eeda7f89ad988
Copying blob sha256:d46854eec7ea87fa2029b4a5367b083401feb90e55bd1e3ba9a174540adda795
Copying blob sha256:9266a5ed7b3b7bb89f19163d455d116617b68225165cbd58eba7957673e2e6b9
Copying blob sha256:3b007bb587992b6de37aafe945151d65069a6aabcf6544f96da18f9b022d93ca
Copying blob sha256:211a0d29a12b45a66590883569915ded17107aa3e30e82b6cd8a49fa32c9d7ee
Copying blob sha256:cc5380906db2463211fd42a4440bf48c94cce18aa0ddd4edaf05fe8b2448a143
Copying blob sha256:6616d0fdd6dd05b2515b5c83800740fd633a514238fe7caa3f7eeda7f89ad988
Copying blob sha256:7cfd9b426be62d796199862af2e4ec1f2abc50ba0fa98c2653b7fbcb8bc0764a
Copying blob sha256:e283de5a75542f85f28b0faaa37c6f47b8d0481bee18efc1cbf03f73afbff293
Copying blob sha256:39c5e86f46c561a3b72a4f03b044754cb86da3b27dc0c65238c53c19efb36390
Copying blob sha256:6616d0fdd6dd05b2515b5c83800740fd633a514238fe7caa3f7eeda7f89ad988
Copying blob sha256:79dd95d1377e55f68cde6cc97cc388174ded00ede7759e0add356e69d8dee22f
Copying blob sha256:c489600a6dc395af701d86eccda0d86d0839d9e6c38106bdba68cf145896c2d6
Copying blob sha256:0bec37c9cd7b40f0c4e1bb739787a9b7f4e3d4299759f4ef428463181d2d94ad
Copying blob sha256:f12dd76b5790b008b561ffa6a4890454ffa8cfd5428d1d807fa8e09a2ba80f43
Copying blob sha256:eef17cd4d5594dfb47eb0222462e5857ea15072353a740dc38b4950a7723b183
Copying blob sha256:8112992a72a3d4149f6f0829a2f6a3ecfdf5d61bb7845f01fd72b8da1e525e84
Copying blob sha256:df6a1ae382bd4eafd710c366da6178a316ac469744c1ac86d1b2431970d9365c
Copying blob sha256:e69358f54d215d4dd3b2831ca87df00eb127af59c838b644a3d86f4af0813daf
Copying blob sha256:35505352439bfa029fbde49a538f909b0d2441eb8518a9dbc4a5cf251dd5e043
Copying blob sha256:994f6fed00589bca8425f74990e48557a17ca95b8b7224103596c10491370b77
Copying blob sha256:89d65fcf6ea4e6fe10a1f5e07e0505d7624ce91aeb6c7a591dfea6cdb6415f31
Copying blob sha256:6616d0fdd6dd05b2515b5c83800740fd633a514238fe7caa3f7eeda7f89ad988
Copying blob sha256:c90432bae69878f2d41864d9a9873c14fccb1fa87f1bdbaa026f9e4ea45a7ea4
Copying blob sha256:77bfc22a8707d54f8b35025a57e193c25b0665220e59dc006501b3f5f7f356ba
Copying blob sha256:7dd302ceef455377d93838791675bd28680744242ac76395093ebda48e2d0c3e
Copying blob sha256:bfdd54046c3762c672dd1a48a6dada04c94aa7f1a6111d34d5ecfe479cfd7e87
Copying blob sha256:db05cffc7837983d0398963c707fae024bb1daf51123c34bad2d3ebe43eca5be
Copying blob sha256:6616d0fdd6dd05b2515b5c83800740fd633a514238fe7caa3f7eeda7f89ad988
Copying blob sha256:217951e60697703b072f35c14b58653fef500c18ecd6414125fa2ef599f7bdad
Copying blob sha256:62c53f54b66eccf76fb61730d673dae724ee65eef8261c7c670d9efdec7463ea
Copying blob sha256:82324655d432f576a023cf0e9055bad1151bcc9bb5f9631419e9b78416f7af2b
Copying blob sha256:0f35c22fd11ba590b1b025d1dfa7d4d4990d52291e8a316246f4dbbdf0ee1ef1
Copying blob sha256:fa59f0228d76aa5ce690042c9e6490a7619d1205d68fd19b5759612c60d30661
Copying blob sha256:6616d0fdd6dd05b2515b5c83800740fd633a514238fe7caa3f7eeda7f89ad988
Copying blob sha256:31166868fcfbe98b32cd8cb195fbde3815b0d3869edf78cb0ffb01b38949bff5
Copying config sha256:737a40916d40a4572d425f14d8e12f50fefdcfe4696b489f22bd0292ba7331d2
Writing manifest to image destination
Unpacking OCI image
   • unpacking rootfs ...     
╭─ Error ──────────────────────────────────────────────────────────────────────╮
│ [Errno 8] nodename nor servname provided, or not known                       │
╰──────────────────────────────────────────────────────────────────────────────╯
