✓ Initialized. View run at 
https://modal.com/apps/repro-sign/main/ap-xqbV8Wa7iR3nDME2Q8SW6V
✓ Created objects.
├── 🔨 Created mount 
│   <checkout>/papers/cabot-2022-how2sign-transformers/sc
│   ripts/modal_app.py
├── 🔨 Created mount 
│   <checkout>/papers/cabot-2022-how2sign-transformers/sc
│   ripts/collect.py
├── 🔨 Created mount 
│   <checkout>/papers/cabot-2022-how2sign-transformers/sc
│   ripts/data.sh
├── 🔨 Created mount 
│   <checkout>/papers/cabot-2022-how2sign-transformers/sc
│   ripts/run.py
├── 🔨 Created function inspect_data.
├── 🔨 Created function acquire_data.
├── 🔨 Created function execute.
└── 🔨 Created function collect.

==========
== CUDA ==
==========

CUDA Version 11.4.3

Container image Copyright (c) 2016-2023, NVIDIA CORPORATION & AFFILIATES. All rights reserved.

This container image and its contents are governed by the NVIDIA Deep Learning Container License.
By pulling and using the container, you accept the terms and conditions of this license:
https://developer.nvidia.com/ngc/nvidia-deep-learning-container-license

A copy of this license is made available in this container at /NGC-DL-CONTAINER-LICENSE for your convenience.

WARNING: The NVIDIA Driver was not detected.  GPU functionality will not be available.
   Use the NVIDIA Container Toolkit to start this container with GPU support; see
   https://docs.nvidia.com/datacenter/cloud-native/ .

{"files": [{"path": "config.yaml", "sha256": "c732b80eef4376c1d871e284896b8c38228036907e67eabe888bc1169a051bd9", "size_bytes": 2019}, {"path": "execution.json", "sha256": "802e8f0cf10b85c9eb24334e42f5877123c0e0863a8000800dd8e9ffe9924a29", "size_bytes": 347}, {"path": "freeze.txt", "sha256": "68af6454c5a9d3fb5cf78d9e40ce4260de11bcad0665d4a1c632109856b1a351", "size_bytes": 1816}, {"path": "gpu.txt", "sha256": "daa99ecaca92d95e2e7a3fbbe077d72e16707463237ae179d566c0b71fc9160b", "size_bytes": 1689}, {"path": "model/1.ckpt", "sha256": "c1cbb85cd9e98463925039177f9f1c7f7f45c140cb681399b33a024dad1eaa99", "size_bytes": 333937620}, {"path": "model/best.IT_00000001.BW_001.dev.gls", "sha256": "172886b74cc08335016762676e5b0a9b5149cf66cde1a446d1d0c28209be19e5", "size_bytes": 678}, {"path": "model/best.IT_00000001.BW_001.test.gls", "sha256": "fff9d1ca36f3d60fc4bab7dc2036e260f56b948ce65bcbca3e59bc273773620e", "size_bytes": 27855}, {"path": "model/best.IT_00000001.BW_01.A_-1.dev.txt", "sha256": "0f5abeb8352b79c7257cd083e5ff760617c5f928437f3670a0809560c214014a", "size_bytes": 1222}, {"path": "model/best.IT_00000001.BW_01.A_-1.test.txt", "sha256": "c98e77eb65260f64629aff7c558ee989a116361aa385107b2e827ee270c1446c", "size_bytes": 47997}, {"path": "model/best.IT_00000001.dev_results.pkl", "sha256": "3a710d65ca2a4857ab514e3fc45e4384b155c60f93ca63758489cfffc53d2897", "size_bytes": 9948}, {"path": "model/best.IT_00000001.test_results.pkl", "sha256": "50253ddb66457196c29f16a153f025892b1f7a669eddaeb1a7b36efe4e59e593", "size_bytes": 183977}, {"path": "model/best.ckpt", "sha256": "c1cbb85cd9e98463925039177f9f1c7f7f45c140cb681399b33a024dad1eaa99", "size_bytes": 333937620}, {"path": "model/config.yaml", "sha256": "c732b80eef4376c1d871e284896b8c38228036907e67eabe888bc1169a051bd9", "size_bytes": 2019}, {"path": "model/gls/1.dev.hyp.gls", "sha256": "172886b74cc08335016762676e5b0a9b5149cf66cde1a446d1d0c28209be19e5", "size_bytes": 678}, {"path": "model/gls/2.dev.hyp.gls", "sha256": "172886b74cc08335016762676e5b0a9b5149cf66cde1a446d1d0c28209be19e5", "size_bytes": 678}, {"path": "model/gls/3.dev.hyp.gls", "sha256": "172886b74cc08335016762676e5b0a9b5149cf66cde1a446d1d0c28209be19e5", "size_bytes": 678}, {"path": "model/gls.vocab", "sha256": "bfaa0ef3a4568a4abf5fe7f7cb5077fc0f14ea3bc8cee941740705d73d872d1b", "size_bytes": 8893}, {"path": "model/references.dev.gls", "sha256": "5f0038f30e465d49e140b66f0d77a7ebf6752384062bd246a1471eedb84eccc9", "size_bytes": 1321}, {"path": "model/references.dev.txt", "sha256": "ba7b3889488a862cfae1064870ede2c6856e5d607203d5371fb7fa157eab76bb", "size_bytes": 1901}, {"path": "model/tensorboard/events.out.tfevents.1790850959.modal.28.0", "sha256": "ac075e1aba98087052a718b182847bf3b4eaaff4cac5d584ad23c1add7518274", "size_bytes": 1567}, {"path": "model/tensorboard/valid_bleu_scores_bleu1/events.out.tfevents.1790850965.modal.28.5", "sha256": "dee5d193e3abcd271f0c25479fdaf660f14b19361f3060c79444811f60999520", "size_bytes": 205}, {"path": "model/tensorboard/valid_bleu_scores_bleu2/events.out.tfevents.1790850965.modal.28.6", "sha256": "a7558357981940753f08f928aff5e1a80f93599449464fbcc6bca6b60a4a0749", "size_bytes": 205}, {"path": "model/tensorboard/valid_bleu_scores_bleu3/events.out.tfevents.1790850965.modal.28.7", "sha256": "c0ed689248738931641c1b358f47e6f077fa516d6db5b24acf8876474dcb591f", "size_bytes": 205}, {"path": "model/tensorboard/valid_bleu_scores_bleu4/events.out.tfevents.1790850965.modal.28.8", "sha256": "bb6c444fb815d5a7e565772c8aa95e90bff7f51739714e391fa78d4a2bb67843", "size_bytes": 205}, {"path": "model/tensorboard/valid_wer_scores_del_rate/events.out.tfevents.1790850965.modal.28.2", "sha256": "7a211625cb92dad334a860571586259cf38bfdb4e8ca5c73bf3625b632d5894b", "size_bytes": 202}, {"path": "model/tensorboard/valid_wer_scores_ins_rate/events.out.tfevents.1790850965.modal.28.3", "sha256": "d9e38a52033b26c0933bbc8fea1faed51bebf779d7bfed2675c529b17665b926", "size_bytes": 202}, {"path": "model/tensorboard/valid_wer_scores_sub_rate/events.out.tfevents.1790850965.modal.28.4", "sha256": "14edb9ae8cb80ef3d06a36c9684dbb905f15afda718369574e80a2341d6472c5", "size_bytes": 202}, {"path": "model/tensorboard/valid_wer_scores_wer/events.out.tfevents.1790850965.modal.28.1", "sha256": "76c28302ca55c4031f90cb91a464050f032900ecb50981d462b4cdad1d563206", "size_bytes": 202}, {"path": "model/train.log", "sha256": "4ee2161d4ade88c0e76d7dcd0a9e2973bfd3eaa2d83cce7ca8b5965d53e1817a", "size_bytes": 33078}, {"path": "model/txt/1.dev.hyp.txt", "sha256": "0f5abeb8352b79c7257cd083e5ff760617c5f928437f3670a0809560c214014a", "size_bytes": 1222}, {"path": "model/txt/2.dev.hyp.txt", "sha256": "3cb3207fa50a0696f8dd72ee98d97a548274e4823a33d768c8da509ffdc40626", "size_bytes": 1622}, {"path": "model/txt/3.dev.hyp.txt", "sha256": "172886b74cc08335016762676e5b0a9b5149cf66cde1a446d1d0c28209be19e5", "size_bytes": 678}, {"path": "model/txt.vocab", "sha256": "3cd0617463515435c19d9cbec6c6add9bab1a74a83e11517223b739b4f4694a2", "size_bytes": 28374}, {"path": "model/validations.txt", "sha256": "82feef5be7adc6449a1b27ef7c7d9af329c1660576862e0a5d852dccb63e103f", "size_bytes": 753}, {"path": "raw-metrics.json", "sha256": "e4d61bbfa8442368d5d1a04910c4668482e416bb511b1d1b6be707a41782503b", "size_bytes": 393}, {"path": "resume-config.yaml", "sha256": "a16fa307226f7a6ce9ef7cd12617fa9bf7753fef09c6be852d90294dee524e7e", "size_bytes": 2076}, {"path": "resume.ckpt", "sha256": "c1cbb85cd9e98463925039177f9f1c7f7f45c140cb681399b33a024dad1eaa99", "size_bytes": 333937620}, {"path": "resumed-model/tensorboard/events.out.tfevents.1790851072.modal.28.9", "sha256": "39cb6daff9c2e8113ec210ca794143b6a2c438e0605050b0d3b6e65685858962", "size_bytes": 40}, {"path": "stdout.log", "sha256": "bb5595e2cb4680f98362364b96a3a063c8fa3da55a30e8c8b284fca387fd2f71", "size_bytes": 38789}], "metrics": {"model/best.IT_00000001.dev_results.pkl": {"wer": 100.0, "bleu1": 5.714285714285714, "bleu2": 0.0, "bleu3": 0.0, "bleu4": 0.0, "recognition_beam": 1, "translation_beam": 1, "translation_alpha": -1}, "model/best.IT_00000001.test_results.pkl": {"wer": 100.0, "bleu1": 6.17782909930716, "bleu2": 0.0, "bleu3": 0.0, "bleu4": 0.0}}}
Stopping app - local entrypoint completed.
✓ App completed. View run at 
https://modal.com/apps/repro-sign/main/ap-xqbV8Wa7iR3nDME2Q8SW6V
