2026-10-01 15:33:39,595 Hello! This is Joey-NMT.
2026-10-01 15:33:39,600 Total params: 61470240
2026-10-01 15:33:39,601 Trainable parameters: ['decoder.layer_norm.bias', 'decoder.layer_norm.weight', 'decoder.layers.0.dec_layer_norm.bias', 'decoder.layers.0.dec_layer_norm.weight', 'decoder.layers.0.feed_forward.layer_norm.bias', 'decoder.layers.0.feed_forward.layer_norm.weight', 'decoder.layers.0.feed_forward.pwff_layer.0.bias', 'decoder.layers.0.feed_forward.pwff_layer.0.weight', 'decoder.layers.0.feed_forward.pwff_layer.3.bias', 'decoder.layers.0.feed_forward.pwff_layer.3.weight', 'decoder.layers.0.src_trg_att.k_layer.bias', 'decoder.layers.0.src_trg_att.k_layer.weight', 'decoder.layers.0.src_trg_att.output_layer.bias', 'decoder.layers.0.src_trg_att.output_layer.weight', 'decoder.layers.0.src_trg_att.q_layer.bias', 'decoder.layers.0.src_trg_att.q_layer.weight', 'decoder.layers.0.src_trg_att.v_layer.bias', 'decoder.layers.0.src_trg_att.v_layer.weight', 'decoder.layers.0.trg_trg_att.k_layer.bias', 'decoder.layers.0.trg_trg_att.k_layer.weight', 'decoder.layers.0.trg_trg_att.output_layer.bias', 'decoder.layers.0.trg_trg_att.output_layer.weight', 'decoder.layers.0.trg_trg_att.q_layer.bias', 'decoder.layers.0.trg_trg_att.q_layer.weight', 'decoder.layers.0.trg_trg_att.v_layer.bias', 'decoder.layers.0.trg_trg_att.v_layer.weight', 'decoder.layers.0.x_layer_norm.bias', 'decoder.layers.0.x_layer_norm.weight', 'decoder.layers.1.dec_layer_norm.bias', 'decoder.layers.1.dec_layer_norm.weight', 'decoder.layers.1.feed_forward.layer_norm.bias', 'decoder.layers.1.feed_forward.layer_norm.weight', 'decoder.layers.1.feed_forward.pwff_layer.0.bias', 'decoder.layers.1.feed_forward.pwff_layer.0.weight', 'decoder.layers.1.feed_forward.pwff_layer.3.bias', 'decoder.layers.1.feed_forward.pwff_layer.3.weight', 'decoder.layers.1.src_trg_att.k_layer.bias', 'decoder.layers.1.src_trg_att.k_layer.weight', 'decoder.layers.1.src_trg_att.output_layer.bias', 'decoder.layers.1.src_trg_att.output_layer.weight', 'decoder.layers.1.src_trg_att.q_layer.bias', 'decoder.layers.1.src_trg_att.q_layer.weight', 'decoder.layers.1.src_trg_att.v_layer.bias', 'decoder.layers.1.src_trg_att.v_layer.weight', 'decoder.layers.1.trg_trg_att.k_layer.bias', 'decoder.layers.1.trg_trg_att.k_layer.weight', 'decoder.layers.1.trg_trg_att.output_layer.bias', 'decoder.layers.1.trg_trg_att.output_layer.weight', 'decoder.layers.1.trg_trg_att.q_layer.bias', 'decoder.layers.1.trg_trg_att.q_layer.weight', 'decoder.layers.1.trg_trg_att.v_layer.bias', 'decoder.layers.1.trg_trg_att.v_layer.weight', 'decoder.layers.1.x_layer_norm.bias', 'decoder.layers.1.x_layer_norm.weight', 'decoder.layers.2.dec_layer_norm.bias', 'decoder.layers.2.dec_layer_norm.weight', 'decoder.layers.2.feed_forward.layer_norm.bias', 'decoder.layers.2.feed_forward.layer_norm.weight', 'decoder.layers.2.feed_forward.pwff_layer.0.bias', 'decoder.layers.2.feed_forward.pwff_layer.0.weight', 'decoder.layers.2.feed_forward.pwff_layer.3.bias', 'decoder.layers.2.feed_forward.pwff_layer.3.weight', 'decoder.layers.2.src_trg_att.k_layer.bias', 'decoder.layers.2.src_trg_att.k_layer.weight', 'decoder.layers.2.src_trg_att.output_layer.bias', 'decoder.layers.2.src_trg_att.output_layer.weight', 'decoder.layers.2.src_trg_att.q_layer.bias', 'decoder.layers.2.src_trg_att.q_layer.weight', 'decoder.layers.2.src_trg_att.v_layer.bias', 'decoder.layers.2.src_trg_att.v_layer.weight', 'decoder.layers.2.trg_trg_att.k_layer.bias', 'decoder.layers.2.trg_trg_att.k_layer.weight', 'decoder.layers.2.trg_trg_att.output_layer.bias', 'decoder.layers.2.trg_trg_att.output_layer.weight', 'decoder.layers.2.trg_trg_att.q_layer.bias', 'decoder.layers.2.trg_trg_att.q_layer.weight', 'decoder.layers.2.trg_trg_att.v_layer.bias', 'decoder.layers.2.trg_trg_att.v_layer.weight', 'decoder.layers.2.x_layer_norm.bias', 'decoder.layers.2.x_layer_norm.weight', 'decoder.output_layer.weight', 'encoder.layer_norm.bias', 'encoder.layer_norm.weight', 'encoder.layers.0.feed_forward.layer_norm.bias', 'encoder.layers.0.feed_forward.layer_norm.weight', 'encoder.layers.0.feed_forward.pwff_layer.0.bias', 'encoder.layers.0.feed_forward.pwff_layer.0.weight', 'encoder.layers.0.feed_forward.pwff_layer.3.bias', 'encoder.layers.0.feed_forward.pwff_layer.3.weight', 'encoder.layers.0.layer_norm.bias', 'encoder.layers.0.layer_norm.weight', 'encoder.layers.0.src_src_att.k_layer.bias', 'encoder.layers.0.src_src_att.k_layer.weight', 'encoder.layers.0.src_src_att.output_layer.bias', 'encoder.layers.0.src_src_att.output_layer.weight', 'encoder.layers.0.src_src_att.q_layer.bias', 'encoder.layers.0.src_src_att.q_layer.weight', 'encoder.layers.0.src_src_att.v_layer.bias', 'encoder.layers.0.src_src_att.v_layer.weight', 'encoder.layers.1.feed_forward.layer_norm.bias', 'encoder.layers.1.feed_forward.layer_norm.weight', 'encoder.layers.1.feed_forward.pwff_layer.0.bias', 'encoder.layers.1.feed_forward.pwff_layer.0.weight', 'encoder.layers.1.feed_forward.pwff_layer.3.bias', 'encoder.layers.1.feed_forward.pwff_layer.3.weight', 'encoder.layers.1.layer_norm.bias', 'encoder.layers.1.layer_norm.weight', 'encoder.layers.1.src_src_att.k_layer.bias', 'encoder.layers.1.src_src_att.k_layer.weight', 'encoder.layers.1.src_src_att.output_layer.bias', 'encoder.layers.1.src_src_att.output_layer.weight', 'encoder.layers.1.src_src_att.q_layer.bias', 'encoder.layers.1.src_src_att.q_layer.weight', 'encoder.layers.1.src_src_att.v_layer.bias', 'encoder.layers.1.src_src_att.v_layer.weight', 'encoder.layers.2.feed_forward.layer_norm.bias', 'encoder.layers.2.feed_forward.layer_norm.weight', 'encoder.layers.2.feed_forward.pwff_layer.0.bias', 'encoder.layers.2.feed_forward.pwff_layer.0.weight', 'encoder.layers.2.feed_forward.pwff_layer.3.bias', 'encoder.layers.2.feed_forward.pwff_layer.3.weight', 'encoder.layers.2.layer_norm.bias', 'encoder.layers.2.layer_norm.weight', 'encoder.layers.2.src_src_att.k_layer.bias', 'encoder.layers.2.src_src_att.k_layer.weight', 'encoder.layers.2.src_src_att.output_layer.bias', 'encoder.layers.2.src_src_att.output_layer.weight', 'encoder.layers.2.src_src_att.q_layer.bias', 'encoder.layers.2.src_src_att.q_layer.weight', 'encoder.layers.2.src_src_att.v_layer.bias', 'encoder.layers.2.src_src_att.v_layer.weight', 'gloss_output_layer.bias', 'gloss_output_layer.weight', 'sgn_embed.ln.bias', 'sgn_embed.ln.weight', 'sgn_embed.norm.norm.bias', 'sgn_embed.norm.norm.weight', 'txt_embed.lut.weight', 'txt_embed.norm.norm.bias', 'txt_embed.norm.norm.weight']
2026-10-01 15:33:44,028 cfg.data.data_path                 : /datasets/how2sign/spot-align-wicv2023/slt-format
2026-10-01 15:33:44,028 cfg.data.dev                       : val.pkl.gz
2026-10-01 15:33:44,028 cfg.data.feature_size              : 1024
2026-10-01 15:33:44,028 cfg.data.gls                       : gloss
2026-10-01 15:33:44,028 cfg.data.level                     : word
2026-10-01 15:33:44,028 cfg.data.max_sent_length           : 400
2026-10-01 15:33:44,028 cfg.data.random_dev_subset         : -1
2026-10-01 15:33:44,028 cfg.data.random_train_subset       : -1
2026-10-01 15:33:44,028 cfg.data.sgn                       : sign
2026-10-01 15:33:44,028 cfg.data.test                      : test.pkl.gz
2026-10-01 15:33:44,028 cfg.data.train                     : train.pkl.gz
2026-10-01 15:33:44,028 cfg.data.txt                       : text
2026-10-01 15:33:44,028 cfg.data.txt_lowercase             : True
2026-10-01 15:33:44,028 cfg.data.version                   : how2sign
2026-10-01 15:33:44,028 cfg.model.bias_initializer         : zeros
2026-10-01 15:33:44,028 cfg.model.decoder.dropout          : 0.1
2026-10-01 15:33:44,028 cfg.model.decoder.embeddings.activation_type : softsign
2026-10-01 15:33:44,029 cfg.model.decoder.embeddings.dropout : 0.1
2026-10-01 15:33:44,029 cfg.model.decoder.embeddings.embedding_dim : 512
2026-10-01 15:33:44,029 cfg.model.decoder.embeddings.norm_type : batch
2026-10-01 15:33:44,029 cfg.model.decoder.embeddings.scale : False
2026-10-01 15:33:44,029 cfg.model.decoder.ff_size          : 2048
2026-10-01 15:33:44,029 cfg.model.decoder.hidden_size      : 512
2026-10-01 15:33:44,029 cfg.model.decoder.num_heads        : 4
2026-10-01 15:33:44,029 cfg.model.decoder.num_layers       : 3
2026-10-01 15:33:44,029 cfg.model.decoder.type             : transformer
2026-10-01 15:33:44,029 cfg.model.embed_init_gain          : 1.0
2026-10-01 15:33:44,029 cfg.model.embed_initializer        : xavier
2026-10-01 15:33:44,029 cfg.model.encoder.dropout          : 0.1
2026-10-01 15:33:44,029 cfg.model.encoder.embeddings.activation_type : softsign
2026-10-01 15:33:44,029 cfg.model.encoder.embeddings.dropout : 0.1
2026-10-01 15:33:44,029 cfg.model.encoder.embeddings.embedding_dim : 512
2026-10-01 15:33:44,029 cfg.model.encoder.embeddings.norm_type : batch
2026-10-01 15:33:44,029 cfg.model.encoder.embeddings.scale : False
2026-10-01 15:33:44,029 cfg.model.encoder.ff_size          : 2048
2026-10-01 15:33:44,029 cfg.model.encoder.hidden_size      : 512
2026-10-01 15:33:44,029 cfg.model.encoder.num_heads        : 4
2026-10-01 15:33:44,029 cfg.model.encoder.num_layers       : 3
2026-10-01 15:33:44,029 cfg.model.encoder.type             : transformer
2026-10-01 15:33:44,029 cfg.model.init_gain                : 1.0
2026-10-01 15:33:44,029 cfg.model.initializer              : xavier
2026-10-01 15:33:44,029 cfg.model.tied_softmax             : False
2026-10-01 15:33:44,029 cfg.name                           : sign_experiment
2026-10-01 15:33:44,030 cfg.testing.recognition_beam_sizes : [10]
2026-10-01 15:33:44,030 cfg.testing.translation_beam_alphas : [-1, 0, 1, 2, 3, 4, 5]
2026-10-01 15:33:44,030 cfg.testing.translation_beam_sizes : [1, 2, 3, 4, 5, 6, 7, 8, 9, 10]
2026-10-01 15:33:44,030 cfg.training.batch_multiplier      : 1
2026-10-01 15:33:44,030 cfg.training.batch_size            : 16
2026-10-01 15:33:44,030 cfg.training.batch_type            : sentence
2026-10-01 15:33:44,030 cfg.training.betas                 : [0.9, 0.998]
2026-10-01 15:33:44,030 cfg.training.decrease_factor       : 0.7
2026-10-01 15:33:44,030 cfg.training.early_stopping_metric : eval_metric
2026-10-01 15:33:44,030 cfg.training.epochs                : 13
2026-10-01 15:33:44,030 cfg.training.eval_metric           : bleu
2026-10-01 15:33:44,030 cfg.training.eval_recognition_beam_size : 1
2026-10-01 15:33:44,030 cfg.training.eval_translation_beam_alpha : -1
2026-10-01 15:33:44,030 cfg.training.eval_translation_beam_size : 1
2026-10-01 15:33:44,030 cfg.training.keep_last_ckpts       : 1
2026-10-01 15:33:44,030 cfg.training.label_smoothing       : 0.0
2026-10-01 15:33:44,030 cfg.training.learning_rate         : 0.001
2026-10-01 15:33:44,030 cfg.training.learning_rate_min     : 1e-07
2026-10-01 15:33:44,030 cfg.training.logging_freq          : 100
2026-10-01 15:33:44,030 cfg.training.model_dir             : /outputs/how2sign-full-seed42-001/model
2026-10-01 15:33:44,030 cfg.training.num_valid_log         : 5
2026-10-01 15:33:44,030 cfg.training.optimizer             : adam
2026-10-01 15:33:44,030 cfg.training.overwrite             : True
2026-10-01 15:33:44,030 cfg.training.patience              : 8
2026-10-01 15:33:44,030 cfg.training.random_seed           : 42
2026-10-01 15:33:44,030 cfg.training.recognition_loss_weight : 1.0
2026-10-01 15:33:44,030 cfg.training.repro_recovery_dir    : /outputs/how2sign-full-seed42-001/recovery
2026-10-01 15:33:44,031 cfg.training.reset_best_ckpt       : False
2026-10-01 15:33:44,031 cfg.training.reset_optimizer       : False
2026-10-01 15:33:44,031 cfg.training.reset_scheduler       : False
2026-10-01 15:33:44,031 cfg.training.scheduling            : plateau
2026-10-01 15:33:44,031 cfg.training.shuffle               : True
2026-10-01 15:33:44,031 cfg.training.translation_loss_weight : 1.0
2026-10-01 15:33:44,031 cfg.training.translation_max_output_length : 30
2026-10-01 15:33:44,031 cfg.training.translation_normalization : batch
2026-10-01 15:33:44,031 cfg.training.use_cuda              : True
2026-10-01 15:33:44,031 cfg.training.validation_freq       : 1000
2026-10-01 15:33:44,031 cfg.training.weight_decay          : 0.001
2026-10-01 15:33:44,031 Data set sizes: 
	train 28873,
	valid 1713,
	test 2328
2026-10-01 15:33:44,031 First training example:
	[GLS] And I call them decorative elements because basically all they're meant to do is to enrich and color the page.
	[TXT] and i call them decorative elements because basically all they're meant to do is to enrich and color the page.
2026-10-01 15:33:44,031 First 10 words (gls): (0) <si> (1) <unk> (2) <pad> (3) the (4) to (5) a (6) and (7) you (8) of (9) is
2026-10-01 15:33:44,031 First 10 words (txt): (0) <unk> (1) <pad> (2) <s> (3) </s> (4) the (5) to (6) and (7) you (8) a (9) of
2026-10-01 15:33:44,031 Number of unique glosses (types): 26656
2026-10-01 15:33:44,031 Number of unique words (types): 24607
2026-10-01 15:33:44,031 SignModel(
	encoder=TransformerEncoder(num_layers=3, num_heads=4),
	decoder=TransformerDecoder(num_layers=3, num_heads=4),
	sgn_embed=SpatialEmbeddings(embedding_dim=512, input_size=1024),
	txt_embed=Embeddings(embedding_dim=512, vocab_size=24607))
2026-10-01 15:33:45,203 EPOCH 1
2026-10-01 15:34:07,605 [Epoch: 001 Step: 00000100] Batch Recognition Loss:   7.799186 => Gls Tokens per Sec:     1142 || Batch Translation Loss:  43.617050 => Txt Tokens per Sec:     1213 || Lr: 0.001000
2026-10-01 15:34:25,946 [Epoch: 001 Step: 00000200] Batch Recognition Loss:   7.682952 => Gls Tokens per Sec:     1360 || Batch Translation Loss:  64.074799 => Txt Tokens per Sec:     1447 || Lr: 0.001000
2026-10-01 15:34:47,415 [Epoch: 001 Step: 00000300] Batch Recognition Loss:   7.305668 => Gls Tokens per Sec:     1147 || Batch Translation Loss: 168.222794 => Txt Tokens per Sec:     1222 || Lr: 0.001000
2026-10-01 15:35:06,085 [Epoch: 001 Step: 00000400] Batch Recognition Loss:   9.279903 => Gls Tokens per Sec:     1371 || Batch Translation Loss:  34.017502 => Txt Tokens per Sec:     1457 || Lr: 0.001000
2026-10-01 15:35:24,462 [Epoch: 001 Step: 00000500] Batch Recognition Loss:   7.805418 => Gls Tokens per Sec:     1366 || Batch Translation Loss:  38.568722 => Txt Tokens per Sec:     1453 || Lr: 0.001000
