✓ Initialized. View run at 
https://modal.com/apps/repro-sign/main/ap-x54fxWA7tGrSuxyt6UCAG0
✓ Created objects.
├── 🔨 Created mount 
│   <worktree>/papers/cabot-2022-how2sign-transformers/sc
│   ripts/modal_app.py
├── 🔨 Created mount 
│   <worktree>/papers/cabot-2022-how2sign-transformers/sc
│   ripts/collect.py
├── 🔨 Created mount 
│   <worktree>/papers/cabot-2022-how2sign-transformers/sc
│   ripts/data.sh
├── 🔨 Created mount 
│   <worktree>/papers/cabot-2022-how2sign-transformers/sc
│   ripts/run.py
├── 🔨 Created function execute.
├── 🔨 Created function inspect_data.
├── 🔨 Created function acquire_data.
├── 🔨 Created function collect.
└── 🔨 Created function audit_data.
{'name': 'Readme.txt', 'url': 'https://dataverse.csuc.cat/api/access/datafile/53890', 'bytes': 11823, 'sha256': '39082fe3109068ab29bb5a6fb0fe9370ceb48c32341c3951aeeaaed2f563fd31', 'npy_count': None}
{'name': 'test.tsv', 'url': 'https://dataverse.csuc.cat/api/access/datafile/53222?format=original', 'bytes': 549672, 'sha256': 'd404cd64997f443cc6c05154511da9571cd1b897ef24500b75f5a96568ef647b', 'npy_count': None}
{'name': 'train.tsv', 'url': 'https://dataverse.csuc.cat/api/access/datafile/51923?format=original', 'bytes': 6744324, 'sha256': '9e117ae049b83de9582bf39846d4094694f376fb59f4a0e5ad8f4bd3fe4ba65c', 'npy_count': None}
{'name': 'val.tsv', 'url': 'https://dataverse.csuc.cat/api/access/datafile/51537?format=original', 'bytes': 367258, 'sha256': '3fd2a7006b6a54b9843dd9649b60010a51957364095ed128d42ce818021349b9', 'npy_count': None}
{'name': 'test.zip', 'url': 'https://dataverse.csuc.cat/api/access/datafile/51538', 'bytes': 572646623, 'sha256': '60c595b721649862d20cbc0ebccfa2b360fc87e5f564f2617f9e382d85620819', 'npy_count': 2328}
{'downloading': 'train.zip', 'resume_offset_bytes': 4743151616}
WARNING: Logs may not be continuous
WARNING: Logs may not be continuous
WARNING: Logs may not be continuous
WARNING: Logs may not be continuous
WARNING: Logs may not be continuous
WARNING: Logs may not be continuous
WARNING: Logs may not be continuous
WARNING: Logs may not be continuous
WARNING: Logs may not be continuous
WARNING: Logs may not be continuous
WARNING: Logs may not be continuous
WARNING: Logs may not be continuous
WARNING: Logs may not be continuous
WARNING: Logs may not be continuous
WARNING: Logs may not be continuous
WARNING: Logs may not be continuous
WARNING: Logs may not be continuous
WARNING: Logs may not be continuous
WARNING: Logs may not be continuous
WARNING: Logs may not be continuous
WARNING: Logs may not be continuous
WARNING: Logs may not be continuous
WARNING: Logs may not be continuous
WARNING: Logs may not be continuous
WARNING: Logs may not be continuous
WARNING: Logs may not be continuous
WARNING: Logs may not be continuous
WARNING: Logs may not be continuous
WARNING: Logs may not be continuous
WARNING: Logs may not be continuous
WARNING: Logs may not be continuous
WARNING: Logs may not be continuous
WARNING: Logs may not be continuous
WARNING: Logs may not be continuous
WARNING: Logs may not be continuous
WARNING: Logs may not be continuous
WARNING: Logs may not be continuous
WARNING: Logs may not be continuous
WARNING: Logs may not be continuous
WARNING: Logs may not be continuous
WARNING: Logs may not be continuous
WARNING: Logs may not be continuous
WARNING: Logs may not be continuous
WARNING: Logs may not be continuous
WARNING: Logs may not be continuous
WARNING: Logs may not be continuous
WARNING: Logs may not be continuous
WARNING: Logs may not be continuous
WARNING: Logs may not be continuous
WARNING: Logs may not be continuous
WARNING: Logs may not be continuous
WARNING: Logs may not be continuous
WARNING: Logs may not be continuous
WARNING: Logs may not be continuous
WARNING: Logs may not be continuous
WARNING: Logs may not be continuous
WARNING: Logs may not be continuous
WARNING: Logs may not be continuous
WARNING: Logs may not be continuous
WARNING: Logs may not be continuous
WARNING: Logs may not be continuous
WARNING: Logs may not be continuous
WARNING: Logs may not be continuous
WARNING: Logs may not be continuous
WARNING: Logs may not be continuous
WARNING: Logs may not be continuous
WARNING: Logs may not be continuous
WARNING: Logs may not be continuous
WARNING: Logs may not be continuous
WARNING: Logs may not be continuous
WARNING: Logs may not be continuous
WARNING: Logs may not be continuous
{'name': 'train.zip', 'url': 'https://dataverse.csuc.cat/api/access/datafile/51543', 'bytes': 7778524363, 'sha256': '637ffbf99f7420d41a0b6ef7e5790292e5f32ec188cb68342d45485c5a377e1d', 'npy_count': 30904}
{'downloading': 'val.zip', 'resume_offset_bytes': 0}
Stopping app - user stopped from CLI.
Traceback (most recent call last):
  File "<stdin>", line 18, in <module>
  File "/usr/local/lib/python3.12/shutil.py", line 203, in copyfileobj
    while buf := fsrc_read(length):
                 ^^^^^^^^^^^^^^^^^
  File "/usr/local/lib/python3.12/http/client.py", line 479, in read
    s = self.fp.read(amt)
        ^^^^^^^^^^^^^^^^^
  File "/usr/local/lib/python3.12/socket.py", line 720, in readinto
    return self._sock.recv_into(b)
           ^^^^^^^^^^^^^^^^^^^^^^^
  File "/usr/local/lib/python3.12/ssl.py", line 1251, in recv_into
    return self.read(nbytes, buffer)
           ^^^^^^^^^^^^^^^^^^^^^^^^^
  File "/usr/local/lib/python3.12/ssl.py", line 1103, in read
    return self._sslobj.read(len, buffer)
           ^^^^^^^^^^^^^^^^^^^^^^^^^^^^^^
KeyboardInterrupt
╭───────────────────── Traceback (most recent call last) ──────────────────────╮
│ <worktree>/papers/cabot-2022-how2sign-transformers/sc │
│ ripts/modal_app.py:125 in main                                               │
│                                                                              │
│   124 │   │   meta['publication']='Identical final archive already present;  │
│ ❱ 125 │   elif train.exists() and 7778524363-train.stat().st_size>=256*1024* │
│   126 │   │   # At least 256 MiB of serial training download remains. Publis │
│                                                                              │
│ <local-python-root>/Caskroom/miniconda/base/lib/python3.14/site-packages/modal/_ob │
│ ject.py:46 in wrapped                                                        │
│                                                                              │
│    45 │   │   await self.hydrate()                                           │
│ ❱  46 │   │   return await method(self, *args, **kwargs)                     │
│    47                                                                        │
│                                                                              │
│ <local-python-root>/Caskroom/miniconda/base/lib/python3.14/site-packages/modal/_fu │
│ nctions.py:1841 in remote                                                    │
│                                                                              │
│   1840 │   │                                                                 │
│ ❱ 1841 │   │   return await self._call_function(args, kwargs)                │
│   1842                                                                       │
│                                                                              │
│ <local-python-root>/Caskroom/miniconda/base/lib/python3.14/site-packages/modal/_fu │
│ nctions.py:1778 in _call_function                                            │
│                                                                              │
│   1777 │   │                                                                 │
│ ❱ 1778 │   │   return await invocation.run_function()                        │
│   1779                                                                       │
│                                                                              │
│ <local-python-root>/Caskroom/miniconda/base/lib/python3.14/site-packages/modal/_fu │
│ nctions.py:483 in run_function                                               │
│                                                                              │
│    482 │   │   │   if await_response.output.result.status in TERMINAL_STATUS │
│ ❱  483 │   │   │   │   return await _process_result(                         │
│    484 │   │   │   │   │   await_response.output.result, await_response.outp │
│                                                                              │
│ <local-python-root>/Caskroom/miniconda/base/lib/python3.14/site-packages/modal/_ut │
│ ils/function_utils.py:574 in _process_result                                 │
│                                                                              │
│   573 │   │                                                                  │
│ ❱ 574 │   │   raise RemoteError(result.exception)                            │
│   575                                                                        │
╰──────────────────────────────────────────────────────────────────────────────╯
RemoteError
