✓ Initialized. View run at 
https://modal.com/apps/repro-sign/main/ap-Y49IDxeJQOSB4WSmuelJEP
✓ Created objects.
├── 🔨 Created mount 
│   ripts/modal_app.py
├── 🔨 Created mount 
│   ripts/run.py
└── 🔨 Created function execute.

==========
== CUDA ==
==========

CUDA Version 11.4.3

Container image Copyright (c) 2016-2023, NVIDIA CORPORATION & AFFILIATES. All rights reserved.

This container image and its contents are governed by the NVIDIA Deep Learning Container License.
By pulling and using the container, you accept the terms and conditions of this license:
https://developer.nvidia.com/ngc/nvidia-deep-learning-container-license

A copy of this license is made available in this container at /NGC-DL-CONTAINER-LICENSE for your convenience.

Traceback (most recent call last):
  File "/pkg/modal/_runtime/task_lifecycle_manager.py", line 84, in handle_task_lifecycle_exception
    yield
  File "/pkg/modal/_container_entrypoint.py", line 360, in hydrate_function
    service = get_function_service(function_def, _client)
              ^^^^^^^^^^^^^^^^^^^^^^^^^^^^^^^^^^^^^^^^^^^
  File "/pkg/modal/_container_entrypoint.py", line 338, in get_function_service
    service = import_single_function_service(
              ^^^^^^^^^^^^^^^^^^^^^^^^^^^^^^^
  File "/pkg/modal/_runtime/user_code_imports.py", line 509, in import_single_function_service
    module = importlib.import_module(function_def.module_name)
             ^^^^^^^^^^^^^^^^^^^^^^^^^^^^^^^^^^^^^^^^^^^^^^^^^
  File "/usr/local/lib/python3.11/importlib/__init__.py", line 126, in import_module
    return _bootstrap._gcd_import(name[level:], package, level)
           ^^^^^^^^^^^^^^^^^^^^^^^^^^^^^^^^^^^^^^^^^^^^^^^^^^^^
  File "<frozen importlib._bootstrap>", line 1204, in _gcd_import
  File "<frozen importlib._bootstrap>", line 1176, in _find_and_load
  File "<frozen importlib._bootstrap>", line 1147, in _find_and_load_unlocked
  File "<frozen importlib._bootstrap>", line 690, in _load_unlocked
  File "<frozen importlib._bootstrap_external>", line 940, in exec_module
  File "<frozen importlib._bootstrap>", line 241, in _call_with_frames_removed
  File "/root/modal_app.py", line 5, in <module>
    ROOT=Path(__file__).resolve().parents[3]
         ~~~~~~~~~~~~~~~~~~~~~~~~~~~~~~~~^^^
  File "/usr/local/lib/python3.11/pathlib.py", line 445, in __getitem__
    raise IndexError(idx)
IndexError: 3
Runner failed with exception: IndexError(3)

==========
== CUDA ==
==========

CUDA Version 11.4.3

Container image Copyright (c) 2016-2023, NVIDIA CORPORATION & AFFILIATES. All rights reserved.

This container image and its contents are governed by the NVIDIA Deep Learning Container License.
By pulling and using the container, you accept the terms and conditions of this license:
https://developer.nvidia.com/ngc/nvidia-deep-learning-container-license

A copy of this license is made available in this container at /NGC-DL-CONTAINER-LICENSE for your convenience.

Traceback (most recent call last):
  File "/pkg/modal/_runtime/task_lifecycle_manager.py", line 84, in handle_task_lifecycle_exception
    yield
  File "/pkg/modal/_container_entrypoint.py", line 360, in hydrate_function
    service = get_function_service(function_def, _client)
              ^^^^^^^^^^^^^^^^^^^^^^^^^^^^^^^^^^^^^^^^^^^
  File "/pkg/modal/_container_entrypoint.py", line 338, in get_function_service
    service = import_single_function_service(
              ^^^^^^^^^^^^^^^^^^^^^^^^^^^^^^^
  File "/pkg/modal/_runtime/user_code_imports.py", line 509, in import_single_function_service
    module = importlib.import_module(function_def.module_name)
             ^^^^^^^^^^^^^^^^^^^^^^^^^^^^^^^^^^^^^^^^^^^^^^^^^
  File "/usr/local/lib/python3.11/importlib/__init__.py", line 126, in import_module
    return _bootstrap._gcd_import(name[level:], package, level)
           ^^^^^^^^^^^^^^^^^^^^^^^^^^^^^^^^^^^^^^^^^^^^^^^^^^^^
  File "<frozen importlib._bootstrap>", line 1204, in _gcd_import
  File "<frozen importlib._bootstrap>", line 1176, in _find_and_load
  File "<frozen importlib._bootstrap>", line 1147, in _find_and_load_unlocked
  File "<frozen importlib._bootstrap>", line 690, in _load_unlocked
  File "<frozen importlib._bootstrap_external>", line 940, in exec_module
  File "<frozen importlib._bootstrap>", line 241, in _call_with_frames_removed
  File "/root/modal_app.py", line 5, in <module>
    ROOT=Path(__file__).resolve().parents[3]
         ~~~~~~~~~~~~~~~~~~~~~~~~~~~~~~~~^^^
  File "/usr/local/lib/python3.11/pathlib.py", line 445, in __getitem__
    raise IndexError(idx)
IndexError: 3
Runner failed with exception: IndexError(3)

==========
== CUDA ==
==========

CUDA Version 11.4.3

Container image Copyright (c) 2016-2023, NVIDIA CORPORATION & AFFILIATES. All rights reserved.

This container image and its contents are governed by the NVIDIA Deep Learning Container License.
By pulling and using the container, you accept the terms and conditions of this license:
https://developer.nvidia.com/ngc/nvidia-deep-learning-container-license

A copy of this license is made available in this container at /NGC-DL-CONTAINER-LICENSE for your convenience.

Traceback (most recent call last):
  File "/pkg/modal/_runtime/task_lifecycle_manager.py", line 84, in handle_task_lifecycle_exception
    yield
  File "/pkg/modal/_container_entrypoint.py", line 360, in hydrate_function
    service = get_function_service(function_def, _client)
              ^^^^^^^^^^^^^^^^^^^^^^^^^^^^^^^^^^^^^^^^^^^
  File "/pkg/modal/_container_entrypoint.py", line 338, in get_function_service
    service = import_single_function_service(
              ^^^^^^^^^^^^^^^^^^^^^^^^^^^^^^^
  File "/pkg/modal/_runtime/user_code_imports.py", line 509, in import_single_function_service
    module = importlib.import_module(function_def.module_name)
             ^^^^^^^^^^^^^^^^^^^^^^^^^^^^^^^^^^^^^^^^^^^^^^^^^
  File "/usr/local/lib/python3.11/importlib/__init__.py", line 126, in import_module
    return _bootstrap._gcd_import(name[level:], package, level)
           ^^^^^^^^^^^^^^^^^^^^^^^^^^^^^^^^^^^^^^^^^^^^^^^^^^^^
  File "<frozen importlib._bootstrap>", line 1204, in _gcd_import
  File "<frozen importlib._bootstrap>", line 1176, in _find_and_load
  File "<frozen importlib._bootstrap>", line 1147, in _find_and_load_unlocked
  File "<frozen importlib._bootstrap>", line 690, in _load_unlocked
  File "<frozen importlib._bootstrap_external>", line 940, in exec_module
  File "<frozen importlib._bootstrap>", line 241, in _call_with_frames_removed
  File "/root/modal_app.py", line 5, in <module>
    ROOT=Path(__file__).resolve().parents[3]
         ~~~~~~~~~~~~~~~~~~~~~~~~~~~~~~~~^^^
  File "/usr/local/lib/python3.11/pathlib.py", line 445, in __getitem__
    raise IndexError(idx)
IndexError: 3
Runner failed with exception: IndexError(3)

==========
== CUDA ==
==========

CUDA Version 11.4.3

Container image Copyright (c) 2016-2023, NVIDIA CORPORATION & AFFILIATES. All rights reserved.

This container image and its contents are governed by the NVIDIA Deep Learning Container License.
By pulling and using the container, you accept the terms and conditions of this license:
https://developer.nvidia.com/ngc/nvidia-deep-learning-container-license

A copy of this license is made available in this container at /NGC-DL-CONTAINER-LICENSE for your convenience.

Traceback (most recent call last):
  File "/pkg/modal/_runtime/task_lifecycle_manager.py", line 84, in handle_task_lifecycle_exception
    yield
  File "/pkg/modal/_container_entrypoint.py", line 360, in hydrate_function
    service = get_function_service(function_def, _client)
              ^^^^^^^^^^^^^^^^^^^^^^^^^^^^^^^^^^^^^^^^^^^
  File "/pkg/modal/_container_entrypoint.py", line 338, in get_function_service
    service = import_single_function_service(
              ^^^^^^^^^^^^^^^^^^^^^^^^^^^^^^^
  File "/pkg/modal/_runtime/user_code_imports.py", line 509, in import_single_function_service
    module = importlib.import_module(function_def.module_name)
             ^^^^^^^^^^^^^^^^^^^^^^^^^^^^^^^^^^^^^^^^^^^^^^^^^
  File "/usr/local/lib/python3.11/importlib/__init__.py", line 126, in import_module
    return _bootstrap._gcd_import(name[level:], package, level)
           ^^^^^^^^^^^^^^^^^^^^^^^^^^^^^^^^^^^^^^^^^^^^^^^^^^^^
  File "<frozen importlib._bootstrap>", line 1204, in _gcd_import
  File "<frozen importlib._bootstrap>", line 1176, in _find_and_load
  File "<frozen importlib._bootstrap>", line 1147, in _find_and_load_unlocked
  File "<frozen importlib._bootstrap>", line 690, in _load_unlocked
  File "<frozen importlib._bootstrap_external>", line 940, in exec_module
  File "<frozen importlib._bootstrap>", line 241, in _call_with_frames_removed
  File "/root/modal_app.py", line 5, in <module>
    ROOT=Path(__file__).resolve().parents[3]
         ~~~~~~~~~~~~~~~~~~~~~~~~~~~~~~~~^^^
  File "/usr/local/lib/python3.11/pathlib.py", line 445, in __getitem__
    raise IndexError(idx)
IndexError: 3
Runner failed with exception: IndexError(3)

==========
== CUDA ==
==========

CUDA Version 11.4.3

Container image Copyright (c) 2016-2023, NVIDIA CORPORATION & AFFILIATES. All rights reserved.

This container image and its contents are governed by the NVIDIA Deep Learning Container License.
By pulling and using the container, you accept the terms and conditions of this license:
https://developer.nvidia.com/ngc/nvidia-deep-learning-container-license

A copy of this license is made available in this container at /NGC-DL-CONTAINER-LICENSE for your convenience.

Traceback (most recent call last):
  File "/pkg/modal/_runtime/task_lifecycle_manager.py", line 84, in handle_task_lifecycle_exception
    yield
  File "/pkg/modal/_container_entrypoint.py", line 360, in hydrate_function
    service = get_function_service(function_def, _client)
              ^^^^^^^^^^^^^^^^^^^^^^^^^^^^^^^^^^^^^^^^^^^
  File "/pkg/modal/_container_entrypoint.py", line 338, in get_function_service
    service = import_single_function_service(
              ^^^^^^^^^^^^^^^^^^^^^^^^^^^^^^^
  File "/pkg/modal/_runtime/user_code_imports.py", line 509, in import_single_function_service
    module = importlib.import_module(function_def.module_name)
             ^^^^^^^^^^^^^^^^^^^^^^^^^^^^^^^^^^^^^^^^^^^^^^^^^
  File "/usr/local/lib/python3.11/importlib/__init__.py", line 126, in import_module
    return _bootstrap._gcd_import(name[level:], package, level)
           ^^^^^^^^^^^^^^^^^^^^^^^^^^^^^^^^^^^^^^^^^^^^^^^^^^^^
  File "<frozen importlib._bootstrap>", line 1204, in _gcd_import
  File "<frozen importlib._bootstrap>", line 1176, in _find_and_load
  File "<frozen importlib._bootstrap>", line 1147, in _find_and_load_unlocked
  File "<frozen importlib._bootstrap>", line 690, in _load_unlocked
  File "<frozen importlib._bootstrap_external>", line 940, in exec_module
  File "<frozen importlib._bootstrap>", line 241, in _call_with_frames_removed
  File "/root/modal_app.py", line 5, in <module>
    ROOT=Path(__file__).resolve().parents[3]
         ~~~~~~~~~~~~~~~~~~~~~~~~~~~~~~~~^^^
  File "/usr/local/lib/python3.11/pathlib.py", line 445, in __getitem__
    raise IndexError(idx)
IndexError: 3
Runner failed with exception: IndexError(3)

==========
== CUDA ==
==========

CUDA Version 11.4.3

Container image Copyright (c) 2016-2023, NVIDIA CORPORATION & AFFILIATES. All rights reserved.

This container image and its contents are governed by the NVIDIA Deep Learning Container License.
By pulling and using the container, you accept the terms and conditions of this license:
https://developer.nvidia.com/ngc/nvidia-deep-learning-container-license

A copy of this license is made available in this container at /NGC-DL-CONTAINER-LICENSE for your convenience.

Traceback (most recent call last):
  File "/pkg/modal/_runtime/task_lifecycle_manager.py", line 84, in handle_task_lifecycle_exception
    yield
  File "/pkg/modal/_container_entrypoint.py", line 360, in hydrate_function
    service = get_function_service(function_def, _client)
              ^^^^^^^^^^^^^^^^^^^^^^^^^^^^^^^^^^^^^^^^^^^
  File "/pkg/modal/_container_entrypoint.py", line 338, in get_function_service
    service = import_single_function_service(
              ^^^^^^^^^^^^^^^^^^^^^^^^^^^^^^^
  File "/pkg/modal/_runtime/user_code_imports.py", line 509, in import_single_function_service
    module = importlib.import_module(function_def.module_name)
             ^^^^^^^^^^^^^^^^^^^^^^^^^^^^^^^^^^^^^^^^^^^^^^^^^
  File "/usr/local/lib/python3.11/importlib/__init__.py", line 126, in import_module
    return _bootstrap._gcd_import(name[level:], package, level)
           ^^^^^^^^^^^^^^^^^^^^^^^^^^^^^^^^^^^^^^^^^^^^^^^^^^^^
  File "<frozen importlib._bootstrap>", line 1204, in _gcd_import
  File "<frozen importlib._bootstrap>", line 1176, in _find_and_load
  File "<frozen importlib._bootstrap>", line 1147, in _find_and_load_unlocked
  File "<frozen importlib._bootstrap>", line 690, in _load_unlocked
  File "<frozen importlib._bootstrap_external>", line 940, in exec_module
  File "<frozen importlib._bootstrap>", line 241, in _call_with_frames_removed
  File "/root/modal_app.py", line 5, in <module>
    ROOT=Path(__file__).resolve().parents[3]
         ~~~~~~~~~~~~~~~~~~~~~~~~~~~~~~~~^^^
  File "/usr/local/lib/python3.11/pathlib.py", line 445, in __getitem__
    raise IndexError(idx)
IndexError: 3
Runner failed with exception: IndexError(3)

==========
== CUDA ==
==========

CUDA Version 11.4.3

Container image Copyright (c) 2016-2023, NVIDIA CORPORATION & AFFILIATES. All rights reserved.

This container image and its contents are governed by the NVIDIA Deep Learning Container License.
By pulling and using the container, you accept the terms and conditions of this license:
https://developer.nvidia.com/ngc/nvidia-deep-learning-container-license

A copy of this license is made available in this container at /NGC-DL-CONTAINER-LICENSE for your convenience.

Traceback (most recent call last):
  File "/pkg/modal/_runtime/task_lifecycle_manager.py", line 84, in handle_task_lifecycle_exception
    yield
  File "/pkg/modal/_container_entrypoint.py", line 360, in hydrate_function
    service = get_function_service(function_def, _client)
              ^^^^^^^^^^^^^^^^^^^^^^^^^^^^^^^^^^^^^^^^^^^
  File "/pkg/modal/_container_entrypoint.py", line 338, in get_function_service
    service = import_single_function_service(
              ^^^^^^^^^^^^^^^^^^^^^^^^^^^^^^^
  File "/pkg/modal/_runtime/user_code_imports.py", line 509, in import_single_function_service
    module = importlib.import_module(function_def.module_name)
             ^^^^^^^^^^^^^^^^^^^^^^^^^^^^^^^^^^^^^^^^^^^^^^^^^
  File "/usr/local/lib/python3.11/importlib/__init__.py", line 126, in import_module
    return _bootstrap._gcd_import(name[level:], package, level)
           ^^^^^^^^^^^^^^^^^^^^^^^^^^^^^^^^^^^^^^^^^^^^^^^^^^^^
  File "<frozen importlib._bootstrap>", line 1204, in _gcd_import
  File "<frozen importlib._bootstrap>", line 1176, in _find_and_load
  File "<frozen importlib._bootstrap>", line 1147, in _find_and_load_unlocked
  File "<frozen importlib._bootstrap>", line 690, in _load_unlocked
  File "<frozen importlib._bootstrap_external>", line 940, in exec_module
  File "<frozen importlib._bootstrap>", line 241, in _call_with_frames_removed
  File "/root/modal_app.py", line 5, in <module>
    ROOT=Path(__file__).resolve().parents[3]
         ~~~~~~~~~~~~~~~~~~~~~~~~~~~~~~~~^^^
  File "/usr/local/lib/python3.11/pathlib.py", line 445, in __getitem__
    raise IndexError(idx)
IndexError: 3
Runner failed with exception: IndexError(3)

==========
== CUDA ==
==========

CUDA Version 11.4.3

Container image Copyright (c) 2016-2023, NVIDIA CORPORATION & AFFILIATES. All rights reserved.

This container image and its contents are governed by the NVIDIA Deep Learning Container License.
By pulling and using the container, you accept the terms and conditions of this license:
https://developer.nvidia.com/ngc/nvidia-deep-learning-container-license

A copy of this license is made available in this container at /NGC-DL-CONTAINER-LICENSE for your convenience.

Traceback (most recent call last):
  File "/pkg/modal/_runtime/task_lifecycle_manager.py", line 84, in handle_task_lifecycle_exception
    yield
  File "/pkg/modal/_container_entrypoint.py", line 360, in hydrate_function
    service = get_function_service(function_def, _client)
              ^^^^^^^^^^^^^^^^^^^^^^^^^^^^^^^^^^^^^^^^^^^
  File "/pkg/modal/_container_entrypoint.py", line 338, in get_function_service
    service = import_single_function_service(
              ^^^^^^^^^^^^^^^^^^^^^^^^^^^^^^^
  File "/pkg/modal/_runtime/user_code_imports.py", line 509, in import_single_function_service
    module = importlib.import_module(function_def.module_name)
             ^^^^^^^^^^^^^^^^^^^^^^^^^^^^^^^^^^^^^^^^^^^^^^^^^
  File "/usr/local/lib/python3.11/importlib/__init__.py", line 126, in import_module
    return _bootstrap._gcd_import(name[level:], package, level)
           ^^^^^^^^^^^^^^^^^^^^^^^^^^^^^^^^^^^^^^^^^^^^^^^^^^^^
  File "<frozen importlib._bootstrap>", line 1204, in _gcd_import
  File "<frozen importlib._bootstrap>", line 1176, in _find_and_load
  File "<frozen importlib._bootstrap>", line 1147, in _find_and_load_unlocked
  File "<frozen importlib._bootstrap>", line 690, in _load_unlocked
  File "<frozen importlib._bootstrap_external>", line 940, in exec_module
  File "<frozen importlib._bootstrap>", line 241, in _call_with_frames_removed
  File "/root/modal_app.py", line 5, in <module>
    ROOT=Path(__file__).resolve().parents[3]
         ~~~~~~~~~~~~~~~~~~~~~~~~~~~~~~~~^^^
  File "/usr/local/lib/python3.11/pathlib.py", line 445, in __getitem__
    raise IndexError(idx)
IndexError: 3
Runner failed with exception: IndexError(3)

==========
== CUDA ==
==========

CUDA Version 11.4.3

Container image Copyright (c) 2016-2023, NVIDIA CORPORATION & AFFILIATES. All rights reserved.

This container image and its contents are governed by the NVIDIA Deep Learning Container License.
By pulling and using the container, you accept the terms and conditions of this license:
https://developer.nvidia.com/ngc/nvidia-deep-learning-container-license

A copy of this license is made available in this container at /NGC-DL-CONTAINER-LICENSE for your convenience.

Traceback (most recent call last):
  File "/pkg/modal/_runtime/task_lifecycle_manager.py", line 84, in handle_task_lifecycle_exception
    yield
  File "/pkg/modal/_container_entrypoint.py", line 360, in hydrate_function
    service = get_function_service(function_def, _client)
              ^^^^^^^^^^^^^^^^^^^^^^^^^^^^^^^^^^^^^^^^^^^
  File "/pkg/modal/_container_entrypoint.py", line 338, in get_function_service
    service = import_single_function_service(
              ^^^^^^^^^^^^^^^^^^^^^^^^^^^^^^^
  File "/pkg/modal/_runtime/user_code_imports.py", line 509, in import_single_function_service
    module = importlib.import_module(function_def.module_name)
             ^^^^^^^^^^^^^^^^^^^^^^^^^^^^^^^^^^^^^^^^^^^^^^^^^
  File "/usr/local/lib/python3.11/importlib/__init__.py", line 126, in import_module
    return _bootstrap._gcd_import(name[level:], package, level)
           ^^^^^^^^^^^^^^^^^^^^^^^^^^^^^^^^^^^^^^^^^^^^^^^^^^^^
  File "<frozen importlib._bootstrap>", line 1204, in _gcd_import
  File "<frozen importlib._bootstrap>", line 1176, in _find_and_load
  File "<frozen importlib._bootstrap>", line 1147, in _find_and_load_unlocked
  File "<frozen importlib._bootstrap>", line 690, in _load_unlocked
  File "<frozen importlib._bootstrap_external>", line 940, in exec_module
  File "<frozen importlib._bootstrap>", line 241, in _call_with_frames_removed
  File "/root/modal_app.py", line 5, in <module>
    ROOT=Path(__file__).resolve().parents[3]
         ~~~~~~~~~~~~~~~~~~~~~~~~~~~~~~~~^^^
  File "/usr/local/lib/python3.11/pathlib.py", line 445, in __getitem__
    raise IndexError(idx)
IndexError: 3
Runner failed with exception: IndexError(3)

==========
== CUDA ==
==========

CUDA Version 11.4.3

Container image Copyright (c) 2016-2023, NVIDIA CORPORATION & AFFILIATES. All rights reserved.

This container image and its contents are governed by the NVIDIA Deep Learning Container License.
By pulling and using the container, you accept the terms and conditions of this license:
https://developer.nvidia.com/ngc/nvidia-deep-learning-container-license

A copy of this license is made available in this container at /NGC-DL-CONTAINER-LICENSE for your convenience.

Traceback (most recent call last):
  File "/pkg/modal/_runtime/task_lifecycle_manager.py", line 84, in handle_task_lifecycle_exception
    yield
  File "/pkg/modal/_container_entrypoint.py", line 360, in hydrate_function
    service = get_function_service(function_def, _client)
              ^^^^^^^^^^^^^^^^^^^^^^^^^^^^^^^^^^^^^^^^^^^
  File "/pkg/modal/_container_entrypoint.py", line 338, in get_function_service
    service = import_single_function_service(
              ^^^^^^^^^^^^^^^^^^^^^^^^^^^^^^^
  File "/pkg/modal/_runtime/user_code_imports.py", line 509, in import_single_function_service
    module = importlib.import_module(function_def.module_name)
             ^^^^^^^^^^^^^^^^^^^^^^^^^^^^^^^^^^^^^^^^^^^^^^^^^
  File "/usr/local/lib/python3.11/importlib/__init__.py", line 126, in import_module
    return _bootstrap._gcd_import(name[level:], package, level)
           ^^^^^^^^^^^^^^^^^^^^^^^^^^^^^^^^^^^^^^^^^^^^^^^^^^^^
  File "<frozen importlib._bootstrap>", line 1204, in _gcd_import
  File "<frozen importlib._bootstrap>", line 1176, in _find_and_load
  File "<frozen importlib._bootstrap>", line 1147, in _find_and_load_unlocked
  File "<frozen importlib._bootstrap>", line 690, in _load_unlocked
  File "<frozen importlib._bootstrap_external>", line 940, in exec_module
  File "<frozen importlib._bootstrap>", line 241, in _call_with_frames_removed
  File "/root/modal_app.py", line 5, in <module>
    ROOT=Path(__file__).resolve().parents[3]
         ~~~~~~~~~~~~~~~~~~~~~~~~~~~~~~~~^^^
  File "/usr/local/lib/python3.11/pathlib.py", line 445, in __getitem__
    raise IndexError(idx)
IndexError: 3
Runner failed with exception: IndexError(3)
Stopping app - user stopped from CLI.
╭───────────────────── Traceback (most recent call last) ──────────────────────╮
│ ripts/modal_app.py:56 in main                                                │
│                                                                              │
│   55 │   if mode not in ['preflight','full']:raise ValueError(mode)          │
│ ❱ 56 │   print(execute.remote(mode,run_id))                                  │
│   57                                                                         │
│                                                                              │
│ ject.py:46 in wrapped                                                        │
│                                                                              │
│    45 │   │   await self.hydrate()                                           │
│ ❱  46 │   │   return await method(self, *args, **kwargs)                     │
│    47                                                                        │
│                                                                              │
│ nctions.py:1841 in remote                                                    │
│                                                                              │
│   1840 │   │                                                                 │
│ ❱ 1841 │   │   return await self._call_function(args, kwargs)                │
│   1842                                                                       │
│                                                                              │
│ nctions.py:1778 in _call_function                                            │
│                                                                              │
│   1777 │   │                                                                 │
│ ❱ 1778 │   │   return await invocation.run_function()                        │
│   1779                                                                       │
│                                                                              │
│ nctions.py:483 in run_function                                               │
│                                                                              │
│    482 │   │   │   if await_response.output.result.status in TERMINAL_STATUS │
│ ❱  483 │   │   │   │   return await _process_result(                         │
│    484 │   │   │   │   │   await_response.output.result, await_response.outp │
│                                                                              │
│ ils/function_utils.py:574 in _process_result                                 │
│                                                                              │
│   573 │   │                                                                  │
│ ❱ 574 │   │   raise RemoteError(result.exception)                            │
│   575                                                                        │
╰──────────────────────────────────────────────────────────────────────────────╯
RemoteError
