/usr/local/lib/python3.12/dist-packages/torch/nn/utils/weight_norm.py:144: FutureWarning: `torch.nn.utils.weight_norm` is deprecated in favor of `torch.nn.utils.parametrizations.weight_norm`.
  WeightNorm.apply(module, name, dim)
Unsupported operator aten::mul encountered 17 time(s)
Unsupported operator aten::mish_ encountered 65 time(s)
Unsupported operator aten::max_pool2d encountered 1 time(s)
Unsupported operator aten::sum encountered 32 time(s)
Unsupported operator aten::mean encountered 16 time(s)
Unsupported operator aten::softmax encountered 16 time(s)
Unsupported operator aten::add_ encountered 16 time(s)
Unsupported operator aten::adaptive_max_pool2d encountered 1 time(s)
Unsupported operator aten::_weight_norm encountered 6 time(s)
Unsupported operator aten::mish encountered 9 time(s)
Unsupported operator aten::add encountered 3 time(s)
Unsupported operator aten::amax encountered 1 time(s)
/usr/local/lib/python3.12/dist-packages/pytorch_ranger/ranger.py:172: UserWarning: This overload of addcmul_ is deprecated:
	addcmul_(Number value, Tensor tensor1, Tensor tensor2)
Consider using one of the following signatures instead:
	addcmul_(Tensor tensor1, Tensor tensor2, *, Number value = 1) (Triggered internally at /opt/pytorch/pytorch/torch/csrc/utils/python_arg_parser.cpp:1853.)
  exp_avg_sq.mul_(beta2).addcmul_(1 - beta2, grad, grad)
{"step": 490, "loss": 3.1291372887790203, "elapsed": 85.97409462928772}
{"step": 500, "loss": 3.044192887842655, "elapsed": 171.18146204948425}
validation 500 0.1484375
{"step": 510, "loss": 3.0938120633363724, "elapsed": 276.3585593700409}
{"step": 520, "loss": 3.1036079078912735, "elapsed": 361.28578186035156}
{"step": 530, "loss": 2.944690778851509, "elapsed": 446.0801041126251}
