2026-10-01 15:20:32+02:00 ta-01M3VSZ484QQ8C9NSEFCKQKSTR 
2026-10-01 15:20:32+02:00 ta-01M3VSZ484QQ8C9NSEFCKQKSTR =============
2026-10-01 15:20:32+02:00 ta-01M3VSZ484QQ8C9NSEFCKQKSTR == PyTorch ==
2026-10-01 15:20:32+02:00 ta-01M3VSZ484QQ8C9NSEFCKQKSTR =============
2026-10-01 15:20:32+02:00 ta-01M3VSZ484QQ8C9NSEFCKQKSTR 
2026-10-01 15:20:32+02:00 ta-01M3VSZ484QQ8C9NSEFCKQKSTR NVIDIA Release 26.02 (build 269443099)
2026-10-01 15:20:32+02:00 ta-01M3VSZ484QQ8C9NSEFCKQKSTR PyTorch Version 2.11.0a0+eb65b36
2026-10-01 15:20:32+02:00 ta-01M3VSZ484QQ8C9NSEFCKQKSTR Container image Copyright (c) 2025, NVIDIA CORPORATION & AFFILIATES. All rights reserved.
2026-10-01 15:20:32+02:00 ta-01M3VSZ484QQ8C9NSEFCKQKSTR Copyright (c) 2014-2024 Facebook Inc.
2026-10-01 15:20:32+02:00 ta-01M3VSZ484QQ8C9NSEFCKQKSTR Copyright (c) 2011-2014 Idiap Research Institute (Ronan Collobert)
2026-10-01 15:20:32+02:00 ta-01M3VSZ484QQ8C9NSEFCKQKSTR Copyright (c) 2012-2014 Deepmind Technologies    (Koray Kavukcuoglu)
2026-10-01 15:20:32+02:00 ta-01M3VSZ484QQ8C9NSEFCKQKSTR Copyright (c) 2011-2012 NEC Laboratories America (Koray Kavukcuoglu)
2026-10-01 15:20:32+02:00 ta-01M3VSZ484QQ8C9NSEFCKQKSTR Copyright (c) 2011-2013 NYU                      (Clement Farabet)
2026-10-01 15:20:32+02:00 ta-01M3VSZ484QQ8C9NSEFCKQKSTR Copyright (c) 2006-2010 NEC Laboratories America (Ronan Collobert, Leon Bottou, Iain Melvin, Jason Weston)
2026-10-01 15:20:32+02:00 ta-01M3VSZ484QQ8C9NSEFCKQKSTR Copyright (c) 2006      Idiap Research Institute (Samy Bengio)
2026-10-01 15:20:32+02:00 ta-01M3VSZ484QQ8C9NSEFCKQKSTR Copyright (c) 2001-2004 Idiap Research Institute (Ronan Collobert, Samy Bengio, Johnny Mariethoz)
2026-10-01 15:20:32+02:00 ta-01M3VSZ484QQ8C9NSEFCKQKSTR Copyright (c) 2015      Google Inc.
2026-10-01 15:20:32+02:00 ta-01M3VSZ484QQ8C9NSEFCKQKSTR Copyright (c) 2015      Yangqing Jia
2026-10-01 15:20:32+02:00 ta-01M3VSZ484QQ8C9NSEFCKQKSTR Copyright (c) 2013-2016 The Caffe contributors
2026-10-01 15:20:32+02:00 ta-01M3VSZ484QQ8C9NSEFCKQKSTR All rights reserved.
2026-10-01 15:20:32+02:00 ta-01M3VSZ484QQ8C9NSEFCKQKSTR 
2026-10-01 15:20:32+02:00 ta-01M3VSZ484QQ8C9NSEFCKQKSTR Various files include modifications (c) NVIDIA CORPORATION & AFFILIATES.  All rights reserved.
2026-10-01 15:20:32+02:00 ta-01M3VSZ484QQ8C9NSEFCKQKSTR 
2026-10-01 15:20:32+02:00 ta-01M3VSZ484QQ8C9NSEFCKQKSTR GOVERNING TERMS: The software and materials are governed by the NVIDIA Software License Agreement
2026-10-01 15:20:32+02:00 ta-01M3VSZ484QQ8C9NSEFCKQKSTR (found at https://www.nvidia.com/en-us/agreements/enterprise-software/nvidia-software-license-agreement/)
2026-10-01 15:20:32+02:00 ta-01M3VSZ484QQ8C9NSEFCKQKSTR and the Product-Specific Terms for NVIDIA AI Products
2026-10-01 15:20:32+02:00 ta-01M3VSZ484QQ8C9NSEFCKQKSTR (found at https://www.nvidia.com/en-us/agreements/enterprise-software/product-specific-terms-for-ai-products/).
2026-10-01 15:20:32+02:00 ta-01M3VSZ484QQ8C9NSEFCKQKSTR 
2026-10-01 15:20:32+02:00 ta-01M3VSZ484QQ8C9NSEFCKQKSTR WARNING: CUDA Minor Version Compatibility mode ENABLED.
2026-10-01 15:20:32+02:00 ta-01M3VSZ484QQ8C9NSEFCKQKSTR   Using driver version 580.95.05 which has support for CUDA 13.0.  This container
2026-10-01 15:20:32+02:00 ta-01M3VSZ484QQ8C9NSEFCKQKSTR   was built with CUDA 13.1 and will be run in Minor Version Compatibility mode.
2026-10-01 15:20:32+02:00 ta-01M3VSZ484QQ8C9NSEFCKQKSTR   CUDA Forward Compatibility is preferred over Minor Version Compatibility for use
2026-10-01 15:20:32+02:00 ta-01M3VSZ484QQ8C9NSEFCKQKSTR   with this container but was unavailable:
2026-10-01 15:20:32+02:00 ta-01M3VSZ484QQ8C9NSEFCKQKSTR   [[]]
2026-10-01 15:20:32+02:00 ta-01M3VSZ484QQ8C9NSEFCKQKSTR   See https://docs.nvidia.com/deploy/cuda-compatibility/ for details.
2026-10-01 15:20:32+02:00 ta-01M3VSZ484QQ8C9NSEFCKQKSTR 
2026-10-01 16:45:04+02:00 ta-01M3VSZ484QQ8C9NSEFCKQKSTR Container terminated due to preemption. Your Function will be restarted with the same input. For more details, see https://modal.com/docs/guide/preemption
2026-10-01 16:45:10+02:00 ta-01M3VYT587185B6Y4FZA0HAY3R 
2026-10-01 16:45:10+02:00 ta-01M3VYT587185B6Y4FZA0HAY3R =============
2026-10-01 16:45:10+02:00 ta-01M3VYT587185B6Y4FZA0HAY3R == PyTorch ==
2026-10-01 16:45:10+02:00 ta-01M3VYT587185B6Y4FZA0HAY3R =============
2026-10-01 16:45:10+02:00 ta-01M3VYT587185B6Y4FZA0HAY3R 
2026-10-01 16:45:10+02:00 ta-01M3VYT587185B6Y4FZA0HAY3R NVIDIA Release 26.02 (build 269443099)
2026-10-01 16:45:10+02:00 ta-01M3VYT587185B6Y4FZA0HAY3R PyTorch Version 2.11.0a0+eb65b36
2026-10-01 16:45:10+02:00 ta-01M3VYT587185B6Y4FZA0HAY3R Container image Copyright (c) 2025, NVIDIA CORPORATION & AFFILIATES. All rights reserved.
2026-10-01 16:45:10+02:00 ta-01M3VYT587185B6Y4FZA0HAY3R Copyright (c) 2014-2024 Facebook Inc.
2026-10-01 16:45:10+02:00 ta-01M3VYT587185B6Y4FZA0HAY3R Copyright (c) 2011-2014 Idiap Research Institute (Ronan Collobert)
2026-10-01 16:45:10+02:00 ta-01M3VYT587185B6Y4FZA0HAY3R Copyright (c) 2012-2014 Deepmind Technologies    (Koray Kavukcuoglu)
2026-10-01 16:45:10+02:00 ta-01M3VYT587185B6Y4FZA0HAY3R Copyright (c) 2011-2012 NEC Laboratories America (Koray Kavukcuoglu)
2026-10-01 16:45:10+02:00 ta-01M3VYT587185B6Y4FZA0HAY3R Copyright (c) 2011-2013 NYU                      (Clement Farabet)
2026-10-01 16:45:10+02:00 ta-01M3VYT587185B6Y4FZA0HAY3R Copyright (c) 2006-2010 NEC Laboratories America (Ronan Collobert, Leon Bottou, Iain Melvin, Jason Weston)
2026-10-01 16:45:10+02:00 ta-01M3VYT587185B6Y4FZA0HAY3R Copyright (c) 2006      Idiap Research Institute (Samy Bengio)
2026-10-01 16:45:10+02:00 ta-01M3VYT587185B6Y4FZA0HAY3R Copyright (c) 2001-2004 Idiap Research Institute (Ronan Collobert, Samy Bengio, Johnny Mariethoz)
2026-10-01 16:45:10+02:00 ta-01M3VYT587185B6Y4FZA0HAY3R Copyright (c) 2015      Google Inc.
2026-10-01 16:45:10+02:00 ta-01M3VYT587185B6Y4FZA0HAY3R Copyright (c) 2015      Yangqing Jia
2026-10-01 16:45:10+02:00 ta-01M3VYT587185B6Y4FZA0HAY3R Copyright (c) 2013-2016 The Caffe contributors
2026-10-01 16:45:10+02:00 ta-01M3VYT587185B6Y4FZA0HAY3R All rights reserved.
2026-10-01 16:45:10+02:00 ta-01M3VYT587185B6Y4FZA0HAY3R 
2026-10-01 16:45:10+02:00 ta-01M3VYT587185B6Y4FZA0HAY3R Various files include modifications (c) NVIDIA CORPORATION & AFFILIATES.  All rights reserved.
2026-10-01 16:45:10+02:00 ta-01M3VYT587185B6Y4FZA0HAY3R 
2026-10-01 16:45:10+02:00 ta-01M3VYT587185B6Y4FZA0HAY3R GOVERNING TERMS: The software and materials are governed by the NVIDIA Software License Agreement
2026-10-01 16:45:10+02:00 ta-01M3VYT587185B6Y4FZA0HAY3R (found at https://www.nvidia.com/en-us/agreements/enterprise-software/nvidia-software-license-agreement/)
2026-10-01 16:45:10+02:00 ta-01M3VYT587185B6Y4FZA0HAY3R and the Product-Specific Terms for NVIDIA AI Products
2026-10-01 16:45:10+02:00 ta-01M3VYT587185B6Y4FZA0HAY3R (found at https://www.nvidia.com/en-us/agreements/enterprise-software/product-specific-terms-for-ai-products/).
2026-10-01 16:45:11+02:00 ta-01M3VYT587185B6Y4FZA0HAY3R 
2026-10-01 16:45:11+02:00 ta-01M3VYT587185B6Y4FZA0HAY3R WARNING: CUDA Minor Version Compatibility mode ENABLED.
2026-10-01 16:45:11+02:00 ta-01M3VYT587185B6Y4FZA0HAY3R   Using driver version 580.95.05 which has support for CUDA 13.0.  This container
2026-10-01 16:45:11+02:00 ta-01M3VYT587185B6Y4FZA0HAY3R   was built with CUDA 13.1 and will be run in Minor Version Compatibility mode.
2026-10-01 16:45:11+02:00 ta-01M3VYT587185B6Y4FZA0HAY3R   CUDA Forward Compatibility is preferred over Minor Version Compatibility for use
2026-10-01 16:45:11+02:00 ta-01M3VYT587185B6Y4FZA0HAY3R   with this container but was unavailable:
2026-10-01 16:45:11+02:00 ta-01M3VYT587185B6Y4FZA0HAY3R   [[]]
2026-10-01 16:45:11+02:00 ta-01M3VYT587185B6Y4FZA0HAY3R   See https://docs.nvidia.com/deploy/cuda-compatibility/ for details.
2026-10-01 16:45:11+02:00 ta-01M3VYT587185B6Y4FZA0HAY3R 
